[   0.00000]Inializing cgroup subsys cpuset
[  000000]Initiliin crop subsys cpu
[    0.000000] Initializing cgroup subsys cpuacct
[    0.000000] Linux version 4.4.0-137-generic (builddlg01md64-37 (gcc version 5.4.0 20160609 (Ubuntu 5.4.0-6ubuntu1~16.04.10) ) #163-Ubuntu SMP Mon Sep 24 13:14:43 UTC 2018 (Ubuntu 4.4.0-137.163-generic 4.4.144)
[  0.000000] Command line: BOOT_IMAGE=/boot/vmlinuz-4.4.0-137-geneicroot=LABEL=cloudimg-rootfs ro console=tty1 console=ttyS0
[    0.000000] KERNEL supported cpus:
[    0.000000]   Intel GenuineIntel
[    0.000000]   AMD AuthenticAMD
[    0.000000]   Centaur CentaurHauls
[    0.00000] x86/fpu: xstate_offset[2]: 576, xtate_sizes[2]:  256
[    0.000000] x86/fpu: Suporin XSAVE ature 01: x8floating point registers'
[    0.000000] x86/fpu: Suporting XSAVE feature 0x02: 'SSE registers'
[  0000000] x86/fu:Supporting XSAVE feature 0x04: 'AVX registers'
[  000000] 6/fp: abled xstate features 0x7, context size is 832 bytes, using 'stnda' foma.
  0.00000]e820: BIOS-provided physical RAM map:
[  0000000]BIS-e80:mem 0x0000000000000000-0x000000000009fbff] usable
[  0.000000] BIOS-e820: [mem 0x000000000009fc00-0x000000000009ffff] reserved
[  0.000000] BIOS-820: [mem 0x00000000000f0000-0x00000000000fffff] reserved
[  0.00000] IOS-e820: [mem 0x0000000000100000-0x000000003ffeffff] usable
[  0.0000] BIOS-e820: [mem 0x000000003fff0000-0x000000003fffffff] ACPI data
[    0.000000] BIOS-e820: [mem 0x00000000fec00000-0x00000000fec00fff] reserved
[    0.000000] BIOS-e820: [mem 0x00000000fee00000-0x00000000fee00fff] reserved
[   0.0000 BOS-e820: [mem 0x000000ffc0000-0x00000000ffffffff] reserved
[  0000000] NX (Execute Disable) protection:actve
[   00000]MBIOS 2.5reent.[   0.00000] Hypervisor detected: KVM
[  0.000000]e80: last_pfn = 0x3fff0 max_arch_pfn = 0x400000000
[  0000000] MTRR: Disabled
[    0.000000] x86/PAT: MTRRs disabled, skipping PAT initialization too.
[  0.000000] PU MTRRs all blank - rtualized system.
[    .0000] x86/PAT: Configuration [0-7]: WB  WT  UC- UC  WB  WT  UC- UC  
[   0.000000] found SM MP-abe t me 0x0009fff0-0x0009ffff] mapped at [ffff88000009fff0]
[  0.000000] Scanning 1 areas for low memory corruptin[   000000] RAMDISK: [mem 0x3630a000-0x3717cfff]
[  0.000000] ACPI: Early table checksum verification disabled
[  000000]ACPI: RSDP 0x00000000000E0000 000024 (v02 VBOX  )
[  0000000] ACPI: XSDT 0x000000003FFF0030 00003C (v01 VBOX   VBOXXSDT 00000001 ASL  00000061)
[  0.000000] ACPI: FACP 0x000000003FFF00F0 0000F4 (v04 VBOX   VBOXFACP 00000001 ASL  00000061)
[  000000]ACPI:SDT 0x000000003FFF0470 00210F (v01 VBOX   VBOXBIOS 00000002 INTL 20100528)
[  00000 ACI:ACS 0x00000003FFF0200 00040
[    0.000000]ACPI: FACS 0x000000003FF00 00040
[    0.000000] ACPI: APIC 0x000000003FFF0240 0005C(v02 VBOX   VBOXAPIC 00000001 ASL  00000061)
[  0.000000] ACPI: SSDT 0x000000003FFF02A0 0001CC (v01 VBOX   VBOXCPUT 00000002 INTL 20100528)
[    0.000000] No NUMA configuration found
[  0.000] Faking a node at [mem 0x0000000000000000-0x000000003fefff]
[  0.000000] NODE_DATA(0) allocated [mem 0x3ffeb000-0x3ffeffff]
[  000000]kvm-clock: Using msrs 4b564d01 and 4b564d00
[    0.000000] kvm-clock: cpu 0, msr 0:3ffe3001, primary cpu clock
[    000000] vmclock: using sched offset of 3851753784 cycles
[    .0000]lockoue: km-lok:mak: 0xffffffffffffffff max_cycles: 0x1cd42e4dffb, max_idle_ns: 8815905948 ns
[  000000]Zone ranges:
[   0.000000]   DMA      [mem 0x0000000000001000-0x0000000000ffffff]
[    0.000000]   DMA32    [mem 0x0000000001000000-0x000000003ffeffff]
[    0.000000]   Normal   empty
[    0.000000]   Device   empty
[    0.000000] Movable zone start for each node
[  0.000000] Early memory node ranges
[  0.000000]   node   0: [mem 0x0000000000001000-0x000000000009efff]
[  0.0000]  node   0: [mem 0x0000000000100000-0x000000003ffeffff]
[  0000000] Iitem setup node 0 [mem 0x0000000000001000-0x000000003ffeffff]
[   .000000] ACPI: PM-Timer IO Port: 0x4008
[  0.000000] IOAPIC[0]: apic_id 2, version 32, address 0xfec00000, GSI 0-23
[    0.0000 AI: INT_SC_R (bs  bs_iq global_rq2 dfl dfl)
[    0.000000] ACPI: INT_SRC_OVR (bus 0 bus_irq 9 global_irq 9 high level)
[  0000000 Uing ACPI (MADT) for SMP configuration information
[   0.0000]smpboot: Allowing 2 CPUs, 0 hotplug CPUs
[  0.00000] PM: Regiser nosave memory: [mem 0x00000000-0x00000fff]
[    0.000000] PM: Registered nosave memory: [mem 0x0009f000-0x0009ffff]
[  0.0000] M: Registered nosave memory: [mem 0x000a0000-0x000effff]
[  0000000] PM: Registered nosave memory: [mem 0x000f0000-0x000fffff]
[    0.000000] e820: [mem 0x40000000-0xfebfffff] availbl fr CI deic
[   0.0000Bootinpaavirtualized kernel on KVM
[  0000000] clocksource: refined-jiffies: mask: 0xffffffff max_cycles: 0xffffffff, max_iles: 7645519600211568 ns
[    0.000000] setup_percpu: NR_CPUS:512 nr_cpumask_bits:512 nr_cpu_ids:2 nr_node_ids:1
[    0.000000] PERCPU Ebeed34pages/cpu @ffff88003fc00000 s99608 r8192 d31464 u1048576
[    0.000000] PV qspilock hash table entries: 256 (order: 0, 4096 bytes)
[    0.000000] Built 1 zonelists in Node order mility grouping on.  Total pages: 257912
[  0000000] Policy zone: DMA32
[    0.000000] Kernel command line: BOOT_IMAGE=/boot/vmlinuz-4.4.0-137-generic root=LABEL=cloudimg-rootfs ro console=tty1 console=ttyS0
[    0000000] PID hash table entries: 4096 (order: 3, 32768 bytes)
[  0.00000] Meory: 99770K/104810Kaville (8555K kernel code, 114 rwdata, 4004K rodata, 1528K init, 131K ss, 50412K reserved, 0K cma-reserved)
[    0.000000] SLUB: HWalign=64, Order=0-3, MinObjects=0, CPUs=2, Nodes=1
[  0.0000 KKerelUsr age tables isolation: enabled
[    0.000000] Hierarchical RCU implementation.
[  0.000] 	Build-tie adjstment of leaf fanout to 64.
[    0.000000] 	RCU restricting CPUs from NR_CPUS=512 to nr_cpu_ids=2.
[  0.000000] RCU: Adjusting geometry for rcu_fanout_leaf=64, nr_cpu_ids=2
[   0.000000] N_IS:3324nr_irqs:440 16
[    000000] Csole: colurVGA+ 80x25
[   0.000] consol [tt1] enabled
[  0000000 csole[tS0] enabled
[    0.000000] tsc: Detected 2394.542 MHz processor
[    8.788097] Calibrating delay loop (skipped) preset value.. 4789.08 BogoMIPS (lpj=9578168)
[    8.812301] pid_max: default: 32768 minimum: 301
[    8.813783] ACPI: Core revision 20150930
[    8.840666] ACPI: 2 ACPI AML tables successfully acquired and loaded
[    8.853337] Security Framework initialized
[    8.860230] Yama: becoming mindful.
[    8.872377] AppArmor: AppArmor initialized
[    8.890958] Dentry cache hash table entries: 131072 (order: 8, 1048576 bytes)
[    8.905862] Inode-cache hash table entries: 65536 (order: 7, 524288 bytes)
[    8.951287] Mount-cache hash table entries: 2048 (order: 2, 16384 bytes)
[    8.961868] Mountpoint-cache hash table entries: 2048 (order: 2, 16384 bytes)
[    8.975769] Initializing cgroup subsys io
[    9.000112] Initializing cgroup subsys memory
[    9.015982] Initializing cgroup subsys devices
[    9.022532] Initializing cgroup subsys freezer
[    9.055440] Initializing cgroup subsys net_cls
[    9.056861] Initializing cgroup subsys perf_event
[    9.058338] Initializing cgroup subsys net_prio
[    9.059547] Initializing cgroup subsys hugetlb
[    9.107044] Initializing cgroup subsys pids
[    9.113638] mce: CPU supports 0 MCE banks
[    9.136266] Last level iTLB entries: 4KB 512, 2MB 8, 4MB 8
[    9.137961] Last level dTLB entries: 4KB 512, 2MB 32, 4MB 32, 1GB 0
[    9.139559] Spectre V2 : Mitigation: Full generic retpoline
[    9.140860] Spectre V2 : Spectre v2 mitigation: Speculation control IBPB not-supported IBRS not-supported
[    9.142821] Spectre V2 : Spectre v2 / SpectreRSB mitigation: Filling RSB on context switch
[    9.160329] Speculative Store Bypass: Vulnerable
[    9.179493] Freeing SMP alternatives memory: 32K
[    9.197633] ftrace: allocating 32265 entries in 127 pages
[    9.280350] smpboot: APIC(0) Converting physical 0 to logical package 0
[    9.290062] smpboot: Max logical packages: 1
[    9.298157] x2apic enabled
[    9.329060] Switched APIC routing to physical x2apic.
[    9.342499] ..TIMER: vector=0x30 apic1=0 pin1=2 apic2=-1 pin2=-1
[   9.467059] smpboot: CPU0: Intel(R) Core(TM) i5-2435M CPU @ 2.40GHz (family: 0x6, model: 0x2a, stepping: 0x7)
[    9.590639] Performance Events: unsupported p6 CPU model 42 no PMU driver, software events only.
[    9.609992] KVM setup paravirtual spinlock
[    9.612440] x86: Booting SMP configuration:
[    9.622285] .... node  #0, CPUs:      #1
[    9.623899] kvm-clock: cpu 1, msr 0:3ffe3041, secondary cpu clock
[    9.628393] mce: CPU supports 0 MCE banks
[    9.670355] x86: Booted up 1 node, 2 CPUs
[    9.700657] smpboot: Total of 2 processors activated (9578.16 BogoMIPS)
[    9.729301] devtmpfs: initialized
[    9.742010] evm: security.selinux
[    9.788783] evm: security.SMACK64
[    9.802979] evm: security.SMACK64EXEC
[    9.819695] evm: security.SMACK64TRANSMUTE
[    9.828445] evm: security.SMACK64MMAP
[    9.839743] evm: security.ima
[    9.856847] evm: security.capability
[    9.863647] clocksource: jiffies: mask: 0xffffffff max_cycles: 0xffffffff, max_idle_ns: 7645041785100000 ns
[    9.895505] futex hash table entries: 512 (order: 3, 32768 bytes)
[    9.902527] pinctrl core: initialized pinctrl subsystem
[    9.920292] RTC time: 16:49:00, date: 10/16/18
[    9.948725] NET: Registered protocol family 16
[    9.967840] cpuidle: using governor ladder
[    9.984033] cpuidle: using governor menu
[    9.991579] PCCT header not found.
[   10.015228] ACPI: bus type PCI registered
[   10.023773] acpiphp: ACPI Hot Plug PCI Controller Driver version: 0.5
[   10.049457] PCI: Using configuration type 1 for base access
[   10.072935] ACPI: Added _OSI(Module Device)
[   10.103513] ACPI: Added _OSI(Processor Device)
[   10.115489] ACPI: Added _OSI(3.0 _SCP Extensions)
[   10.123455] ACPI: Added _OSI(Processor Aggregator Device)
[   10.140073] ACPI: Executed 1 blocks of module-level executable AML code
[   10.157724] ACPI: Interpreter enabled
[   10.175003] ACPI: (supports S0 S5)
[   10.180518] ACPI: Using IOAPIC for interrupt routing
[   10.221905] PCI: Using host bridge windows from ACPI; if necessary, use "pci=nocrs" and report a bug
[   10.237462] ACPI: PCI Root Bridge [PCI0] (domain 0000 [bus 00-ff])
[   10.271223] acpi PNP0A03:00: _OSC: OS supports [ASPM ClockPM Segments MSI]
[   10.278125] acpi PNP0A03:00: _OSC failed (AE_NOT_FOUND); disabling ASPM
[   10.290034] acpi PNP0A03:00: fail to add MMCONFIG information, can't access extended PCI configuration space under this bridge.
[   10.298591] PCI host bridge to bus 0000:00
[   10.305291] pci_bus 0000:00: root bus resource [io  0x0000-0x0cf7 window]
[   10.312600] pci_bus 0000:00: root bus resource [io  0x0d00-0xffff window]
[   10.320648] pci_bus 0000:00: root bus resource [mem 0x000a0000-0x000bffff window]
[   10.328067] pci_bus 0000:00: root bus resource [mem 0x40000000-0xffdfffff window]
[   10.331321] pci_bus 0000:00: root bus resource [bus 00-ff]
[   10.361197] pci 0000:00:01.1: legacy IDE quirk: reg 0x10: [io  0x01f0-0x01f7]
[   10.374962] pci 0000:00:01.1: legacy IDE quirk: reg 0x14: [io  0x03f6]
[   10.379713] pci 0000:00:01.1: legacy IDE quirk: reg 0x18: [io  0x0170-0x0177]
[   10.395937] pci 0000:00:01.1: legacy IDE quirk: reg 0x1c: [io  0x0376]
[   10.450183] ACPI: PCI Interrupt Link [LNKA] (IRQs 5 9 10 11) *0, disabled.
[   10.475189] ACPI: PCI Interrupt Link [LNKB] (IRQs 5 9 10 *11)
[   10.498452] ACPI: PCI Interrupt Link [LNKC] (IRQs 5 9 *10 11)
[   10.516655] ACPI: PCI Interrupt Link [LNKD] (IRQs 5 *9 10 11)
[   10.523707] ACPI: Enabled 2 GPEs in block 00 to 07
[   10.547998] vgaarb: setting as boot device: PCI:0000:00:02.0
[   10.551610] vgaarb: device added: PCI:0000:00:02.0,decodes=io+mem,owns=io+mem,locks=none
[   10.564071] vgaarb: loaded
[   10.570490] vgaarb: bridge control possible 0000:00:02.0
[   10.580067] SCSI subsystem initialized
[   10.592647] ACPI: bus type USB registered
[   10.607520] usbcore: registered new interface driver usbfs
[   10.627356] usbcore: registered new interface driver hub
[   10.628662] usbcore: registered new device driver usb
[   10.631724] PCI: Using ACPI for IRQ routing
[   10.674672] NetLabel: Initializing
[   10.675879] NetLabel:  domain hash size = 128
[   10.677266] NetLabel:  protocols = UNLABELED CIPSOv4
[   10.683188] NetLabel:  unlabeled traffic allowed by default
[   10.690092] amd_nb: Cannot enumerate AMD northbridges
[   10.706392] clocksource: Switched to clocksource kvm-clock
[   10.725941] AppArmor: AppArmor Filesystem Enabled
[  10.742646 pnp: PnP ACPI it[ 104439] pnp: PnP ACPI: found 3 devices
[   11.154851] clocksource: acpi_pm: mask: 0xffffff max_cycles: 0xffffff, max_idle_ns: 2085701024 ns
[ 11572]ETRestreproc fil2
[   .850535] TC etablihe has table entres 892order: 4, 65536 bytes)

[   12.292064] TCP bind hash table entries: 8192 (order: 5, 131072 bytes)
[ 1201239]TC Hshabs nfur (established 8192 bind 8192)
[  12.00] P ash tbl entries: 512 (orde:  16384 bytes)
[   13.226054] UDP-Lite hash table entries: 512 (order: 2, 16384 bytes)
[ 13293]ETRested otolamily 1
[  3.805372] pci0000:00: miting direct PCI/PCI transfers
[   14.147712] pci 0000:00:01.0: Activating ISA DMA hang workarounds
[   14.158075] Unpacking initramfs...
[   14.433974] Freeing initrd memory: 14796K
[   14.456578] RAPL PMU detected, API unit is 2^-32 Joules, 3 fixed counters 10737418240 ms ovfl timer
[   14.483878] hw unit of domain pp0-core 2^-0 Joules
[   14.490521] hw unit of domain package 2^-0 Joules
[   14.491649] hw unit of domain pp1-gpu 2^-0 Joules
[   14.544808] platform rtc_cmos: registered platform RTC device (no PNP device found)
[   14.574681] Scanning for low memory corruption every 60 seconds
[   14.591428] audit: initializing netlink subsys (disabled)
[   14.616116] audit: type=2000 audit(1539708540.478:1): initialized
[   14.623386] Initialise system trusted keyring
[   14.647864] HugeTLB registered 2 MB page size, pre-allocated 0 pages
[   14.666915] zbud: loaded
[   14.697020] VFS: Disk quotas dquot_6.6.0
[   14.715518] VFS: Dquot-cache hash table entries: 512 (order 0, 4096 bytes)
[   14.749761] squashfs: version 4.0 (2009/01/31) Phillip Lougher
[   14.752643] fuse init (API version 7.23)
[  17661Kety bg_key egtered
[   15.226085]Alocating IMA MK d acis keyrings.

[   15.534158] Key type asymmetric registered
[   15.537009] Asymmetric key parser 'x509' registered
[   15.550968] tsc: Refined TSC clocksource calibration: 2394.861 MHz
[   15.557773] clocksource: tsc: mask: 0xffffffffffffffff max_cycles: 0x22854104f5d, max_idle_ns: 440795300211 ns
[   15.557893] Block layer SCSI generic (bsg) driver version 0.4 loaded (major 249)
[   15.574457 ischeduler noop registered

[   15.574459] io scheduler deadline registered (default)
[   15.574510] io scheduler cfq registered
[   15.574626] pci_hotplug: PCI Hot Plug PCI Core version: 0.5
[   15.574632] pciehp: PCI Express Hot Plug Controller Driver version: 0.4
[   15.575036] ACPI: AC Adapter [AC] (on-line)
[   15.575096] input: Power Button as /devices/LNXSYSTM:00/LNXPWRBN:00/input/input0
[   15.575099] ACPI: Power Button [PWRF]
[   15.575183] input: Sleep Button as /devices/LNXSYSTM:00/LNXSLPBN:00/input/input1
[   15.575185] ACPI: Sleep Button [SLPF]
[   15.575358] GHES: HEST is not enabled!
[   15.575458] Serial: 8250/16550 driver, 32 ports, IRQ sharing enabled
[   15.686992] 00:02: ttyS0 at I/O 0x3f8 (irq = 4, base_baud = 115200) is a 16550A
[   15.691928] Linux agpgart interface v0.103
[   15.704681] loop: module loaded
[   15.705316] scsi host0: ata_piix
[   15.705383] scsi host1: ata_piix
[   15.705417] ata1: PATA max UDMA/33 cmd 0x1f0 ctl 0x3f6 bmdma 0xd000 irq 14
[   15.705418] ata2: PATA max UDMA/33 cmd 0x170 ctl 0x376 bmdma 0xd008 irq 15
[   15.705499] libphy: Fixed MDIO Bus: probed
[   15.705501] tun: Universal TUN/TAP device driver, 1.6
[   15.705502] tun: (C) 1999-2004 Max Krasnyansky <maxk@qualcomm.com>
[   15.705546] PPP generic driver version 2.4.2
[   15.705600] ehci_hcd: USB 2.0 'Enhanced' Host Controller (EHCI) Driver
[   15.705607] ehci-pci: EHCI PCI platform driver
[   15.705624] ehci-platform: EHCI generic platform driver
[   15.705633] ohci_hcd: USB 1.1 'Open' Host Controller (OHCI) Driver
[   15.705637] ohci-pci: OHCI PCI platform driver
[   15.705647] ohci-platform: OHCI generic platform driver
[   15.705654] uhci_hcd: USB Universal Host Controller Interface driver
[   15.705713] i8042: PNP: PS/2 Controller [PNP0303:PS2K,PNP0f03:PS2M] at 0x60,0x64 irq 1,12
[   15.707320] ACPI: Battery Slot [BAT0] (battery present)
[   15.709841] serio: i8042 KBD port at 0x60,0x64 irq 1
[   15.709846] serio: i8042 AUX port at 0x60,0x64 irq 12
[   15.710011] mousedev: PS/2 mouse device common for all mice
[   15.710382] rtc_cmos rtc_cmos: rtc core: registered rtc_cmos as rtc0
[   15.710475] rtc_cmos rtc_cmos: alarms up to one day, 114 bytes nvram
[   15.710483] i2c /dev entries driver
[   15.710547] device-mapper: uevent: version 1.0.3
[   15.710609] device-mapper: ioctl: 4.34.0-ioctl (2015-10-28) initialised: dm-devel@redhat.com
[   15.710631] ledtrig-cpu: registered to indicate activity on CPUs
[   15.710946] NET: Registered protocol family 10
[   15.711113] NET: Registered protocol family 17
[   15.711124] Key type dns_resolver registered
[   15.711398] registered taskstats version 1
[   15.711412] Loading compiled-in X.509 certificates
[   15.712422] Loaded X.509 cert 'Build time autogenerated kernel key: 20acc96b50ca7641011eace69d32209215a9b56f'
[   15.712456] zswap: loaded using pool lzo/zbud
[   15.714680] Key type trusted registered
[   15.718306] Key type encrypted registered
[   15.718313] AppArmor: AppArmor sha1 policy hashing enabled
[   15.718315] ima: No TPM chip found, activating TPM-bypass!
[   15.718321] ima: Allocated hash algorithm: sha1
[   15.718334] evm: HMAC attrs: 0x1
[   15.718789]   Magic number: 6:711:843
[   15.720671] rtc_cmos rtc_cmos: setting system clock to 2018-10-16 16:49:06 UTC (1539708546)
[   15.720812] BIOS EDD facility v0.16 2004-Jun-25, 0 devices found
[   15.720812] EDD information not available.
[   15.761232] input: AT Translated Set 2 keyboard as /devices/platform/i8042/serio0/input/input2
[   16.477966] Freeing unused kernel memory: 1528K
[   16.498693] Write protecting the kernel read-only data: 14336k
[   16.552634] Freeing unused kernel memory: 1672K
[   16.561733] Freeing unused kernel memory: 92K
Loading, please wait...
starting version[   16.589048] random: systemd-udevd: uninitialized urandom read (16 bytes read, 3 bits of entropy available)
 229
[   16.589864] random: udevadm: uninitialized urandom read (16 bytes read, 3 bits of entropy available)
[   16.589896] random: udevadm: uninitialized urandom read (16 bytes read, 3 bits of entropy available)
[   16.606271] random: udevadm: uninitialized urandom read (16 bytes read, 3 bits of entropy available)
[   16.606339] random: udevadm: uninitialized urandom read (16 bytes read, 3 bits of entropy available)
[   16.606583] random: udevadm: uninitialized urandom read (16 bytes read, 3 bits of entropy available)
[   16.606677] random: udevadm: uninitialized urandom read (16 bytes read, 3 bits of entropy available)
[   16.606773] random: udevadm: uninitialized urandom read (16 bytes read, 3 bits of entropy available)
[   16.606869] random: udevadm: uninitialized urandom read (16 bytes read, 3 bits of entropy available)
[   16.606961] random: udevadm: uninitialized urandom read (16 bytes read, 3 bits of entropy available)
[   17.042865] e1000: Intel(R) PRO/1000 Network Driver - version 7.3.21-k8-NAPI
[   17.054688] e1000: Copyright (c) 1999-2006 Intel Corporation.
[   17.092151] Fusion MPT base driver 3.04.20
[   17.099865] Copyright (c) 1999-2008 LSI Corporation
[   17.118071] AVX version of gcm_enc/dec engaged.
[   17.135828] AES CTR mode by8 optimization enabled
[   17.137814] Fusion MPT SPI Host driver 3.04.20
[   17.290235] input: ImExPS/2 Generic Explorer Mouse as /devices/platform/i8042/serio1/input/input4
[   17.493284] e1000 0000:00:03.0 eth0: (PCI:33MHz:32-bit) 02:5a:4b:c7:3e:fa
[   17.531789] e1000 0000:00:03.0 eth0: Intel(R) PRO/1000 Network Connection
[   17.951875] e1000 0000:00:08.0 eth1: (PCI:33MHz:32-bit) 08:00:27:54:c4:7b
[   17.985346] e1000 0000:00:08.0 eth1: Intel(R) PRO/1000 Network Connection
[   18.009803] mptbase: ioc0: Initiating bringup
[   18.010354] e1000 0000:00:03.0 enp0s3: renamed from eth0
[   18.047331] e1000 0000:00:08.0 enp0s8: renamed from eth1
[   18.127358] ioc0: LSI53C1030 A0: Capabilities={Initiator}
[   18.572607] scsi host2: ioc0: LSI53C1030 A0, FwRev=00000000h, Ports=1, MaxQ=256, IRQ=20
[   19.440992] scsi 2:0:0:0: Direct-Access     VBOX     HARDDISK         1.0  PQ: 0 ANSI: 5
[   19.456319] scsi target2:0:0: Beginning Domain Validation
[   19.459314] scsi target2:0:0: Domain Validation skipping write tests
[   19.461229] scsi target2:0:0: Ending Domain Validation
[   19.462889] scsi target2:0:0: asynchronous
[   19.469769] scsi 2:0:1:0: Direct-Access     VBOX     HARDDISK         1.0  PQ: 0 ANSI: 5
[   19.928474] scsi target2:0:1: Beginning Domain Validation
[   19.932013] scsi target2:0:1: Domain Validation skipping write tests
[   21.621793] scsi target2:0:1: Ending Domain Validation
[   21.628493] scsi target2:0:1: asynchronous
[   21.637663] sd 2:0:0:0: Attached scsi generic sg0 type 0
[   21.640316] sd 2:0:0:0: [sda] 20971520 512-byte logical blocks: (10.7 GB/10.0 GiB)
[   21.771294] sd 2:0:1:0: Attached scsi generic sg1 type 0
[   21.773989] sd 2:0:1:0: [sdb] 20480 512-byte logical blocks: (10.5 MB/10.0 MiB)
[   21.774238] sd 2:0:0:0: [sda] Write Protect is off
[   21.774394] sd 2:0:0:0: [sda] Incomplete mode parameter data
[   21.774395] sd 2:0:0:0: [sda] Assuming drive cache: write through
[   21.933256] sd 2:0:1:0: [sdb] Write Protect is off
[   21.952212] sd 2:0:1:0: [sdb] Incomplete mode parameter data
[   21.956952]  sda: sda1
[   21.958802] sd 2:0:0:0: [sda] Attached SCSI disk
[   21.990537] sd 2:0:1:0: [sdb] Assuming drive cache: write through
[   22.013947] sd 2:0:1:0: [sdb] Attached SCSI disk
Begin: Loading e[   23.542137] md: linear personality registered for level -1
ssential drivers[   23.551325] md: multipath personality registered for level -4
 ... [   23.558363] md: raid0 personality registered for level 0
[   23.565055] md: raid1 personality registered for level 1
[   23.654428] raid6: sse2x1   gen()  7583 MB/s
[   23.726586] raid6: sse2x1   xor()  5921 MB/s
[   23.818536] raid6: sse2x2   gen()  9486 MB/s
[   23.886572] raid6: sse2x2   xor()  6715 MB/s
[   23.966584] raid6: sse2x4   gen() 10147 MB/s
[   24.042596] raid6: sse2x4   xor()  8290 MB/s
[   24.050329] raid6: using algorithm sse2x4 gen() 10147 MB/s
[   24.059872] raid6: .... xor() 8290 MB/s, rmw enabled
[   24.066680] raid6: using ssse3x2 recovery algorithm
[   24.085383] xor: automatically using best checksumming function:
[   24.144851]    avx       : 38397.000 MB/sec
[   24.162280] async_tx: api initialized (async)
[   24.187694] md: raid6 personality registered for level 6
[   24.202147] md: raid5 personality registered for level 5
[   24.209729] md: raid4 personality registered for level 4
[   24.251840] md: raid10 personality registered for level 10
done.
Begin: Running /scripts/init-premount ... done.
Begin: Mountin[   24.298108] Btrfs loaded
g root file system ... Begin: Running /scripts/local-top ... done.
Begin: Running /scripts/local-premount ... Scanning for Btrfs filesystems
done.
Warning: fsck not present, so skipping root file system
[   24.358638] EXT4-fs (sda1): mounted filesystem with ordered data mode. Opts: (null)
done.
Begin: Running /scripts/local-bottom ... done.
Begin: Running /scripts/init-bottom ... done.
[   25.056197] systemd[1]: systemd 229 running in system mode. (+PAM +AUDIT +SELINUX +IMA +APPARMOR +SMACK +SYSVINIT +UTMP +LIBCRYPTSETUP +GCRYPT +GNUTLS +ACL +XZ -LZ4 +SECCOMP +BLKID +ELFUTILS +KMOD -IDN)
[   25.093548] systemd[1]: Detected virtualization oracle.
[   25.131287] systemd[1]: Detected architecture x86-64.

Welcome to [1mUbuntu 16.04.5 LTS[0m!

[   25.255245] systemd[1]: Set hostname to <ubuntu>.
[   25.288919] systemd[1]: Initializing machine ID from random generator.
[   25.305616] systemd[1]: Installed transient /etc/machine-id file.
[   25.612090] random: nonblocking pool is initialized
[   26.190316] systemd[1]: Listening on Journal Socket.
[[0;32m  OK  [0m] Listening on Journal Socket.
[   26.249199] systemd[1]: Created slice User and Session Slice.
[[0;32m  OK  [0m] Created slice User and Session Slice.
[   26.331169] systemd[1]: Started Trigger resolvconf update for networkd DNS.
[[0;32m  OK  [0m] Started Trigger resolvconf update for networkd DNS.
[   26.399020] systemd[1]: Listening on Journal Audit Socket.
[[0;32m  OK  [0m] Listening on Journal Audit Socket.
[   26.427135] systemd[1]: Listening on udev Control Socket.
[[0;32m  OK  [0m] Listening on udev Control Socket.
[   26.454599] systemd[1]: Listening on Device-mapper event daemon FIFOs.
[[0;32m  OK  [0m] Listening on Device-mapper event daemon FIFOs.
[   26.507305] systemd[1]: Listening on LVM2 metadata daemon socket.
[[0;32m  OK  [0m] Listening on LVM2 metadata daemon socket.
[   26.550828] systemd[1]: Reached target User and Group Name Lookups.
[[0;32m  OK  [0m] Reached target User and Group Name Lookups.
[   26.708350] systemd[1]: Listening on /dev/initctl Compatibility Named Pipe.
[[0;32m  OK  [0m] Listening on /dev/initctl Compatibility Named Pipe.
[   26.751273] systemd[1]: Listening on Syslog Socket.
[[0;32m  OK  [0m] Listening on Syslog Socket.
[   26.812516] systemd[1]: Listening on udev Kernel Socket.
[[0;32m  OK  [0m] Listening on udev Kernel Socket.
[   26.851320] systemd[1]: Reached target Encrypted Volumes.
[[0;32m  OK  [0m] Reached target Encrypted Volumes.
[   26.963012] systemd[1]: Listening on Journal Socket (/dev/log).
[[0;32m  OK  [0m] Listening on Journal Socket (/dev/log).
[   27.054892] systemd[1]: Reached target System Time Synchronized.
[[0;32m  OK  [0m] Reached target System Time Synchronized.
[   27.096184] systemd[1]: Created slice System Slice.
[[0;32m  OK  [0m] Created slice System Slice.
[   27.175444] systemd[1]: Starting Load Kernel Modules...
         Starting Load Kernel Modules...
[   27.224965] systemd[1]: Starting Remount Root and Kernel File Systems...
         Starting Remount Root and Kernel File Systems...
[   27.254742] Loading iSCSI transport class v2.0-870.
[   27.290101] systemd[1]: Created slice system-serial\x2dgetty.slice.
[   27.320409] EXT4-fs (sda1): re-mounted. Opts: (null)
[[0;32m  OK  [0m] Created slice system-serial\x2dgetty.slice.
[   27.362649] iscsi: registered transport (tcp)
[   27.379355] systemd[1]: Starting Create list of required static device nodes for the current kernel...
         Starting Create list of required st... nodes for the current kernel...
[   27.414992] systemd[1]: Reached target Slices.
[[0;32m  OK  [0m] Reached target Slices.
[   27.464116] systemd[1]: Starting Monitoring of LVM2 mirrors, snapshots etc. using dmeventd or progress polling...
         Starting Monitoring of LVM2 mirrors... dmeventd or progress polling...
[   27.510955] systemd[1]: Mounting Debug File System...
         Mountin[   27.527891] iscsi: registered transport (iser)
g Debug File System...
[   27.575196] systemd[1]: Starting Set console keymap...
         Starting Set console keymap...
[   27.623335] systemd[1]: Starting Nameserver information manager...
         Starting Nameserver information manager...
[   27.647883] systemd[1]: Mounting Huge Pages File System...
         Mounting Huge Pages File System...
[   27.659438] systemd[1]: Set up automount Arbitrary Executable File Formats File System Automount Point.
[[0;32m  OK  [0m] Set up automount Arbitrary Executab...ats File System Automount Point.
[   27.703367] systemd[1]: Starting Uncomplicated firewall...
         Starting Uncomplicated firewall...
[   27.721309] systemd[1]: Starting Journal Service...
         Starting Journal Service...
[   27.735167] systemd[1]: Started Forward Password Requests to Wall Directory Watch.
[[0;32m  OK  [0m] Started Forward Password Requests to Wall Directory Watch.
[   27.775567] systemd[1]: Mounting POSIX Message Queue File System...
         Mounting POSIX Message Queue File System...
[   27.798722] systemd[1]: Reached target Swap.
[[0;32m  OK  [0m] Reached target Swap.
[   27.827344] systemd[1]: Listening on LVM2 poll daemon socket.
[[0;32m  OK  [0m] Listening on LVM2 poll daemon socket.
[   27.884424] systemd[1]: Mounted POSIX Message Queue File System.
[[0;32m  OK  [0m] Mounted POSIX Message Queue File System.
[   27.923180] systemd[1]: Mounted Debug File System.
[[0;32m  OK  [0m] Mounted Debug File System.
[   27.959687] systemd[1]: Mounted Huge Pages File System.
[[0;32m  OK  [0m] Mounted Huge Pages File System.
[   27.995363] systemd[1]: Started Journal Service.
[[0;32m  OK  [0m] Started Journal Service.
[[0;32m  OK  [0m] Started Load Kernel Modules.
[[0;32m  OK  [0m] Started Remount Root and Kernel File Systems.
[[0;32m  OK  [0m] Started Create list of required sta...ce nodes for the current kernel.
[[0;32m  OK  [0m] Started Set console keymap.
[[0;32m  OK  [0m] Started Uncomplicated firewall.
[[0;32m  OK  [0m] Started Nameserver information manager.
[[0;32m  OK  [0m] Started LVM2 metadata daemon.
         Starting Create Static Device Nodes in /dev...
         Starting Load/Save Random Seed...
         Starting udev Coldplug all Devices...
         Mounting FUSE Control File System...
         Starting Apply Kernel Variables...
         Starting Flush Journal to Persistent Storage...
[[0;32m  OK  [0m] Mounted FUSE Control File System.
[[0;32m  OK  [0m] Started Load/Save Random Seed.
[[0;32m  OK  [0m] Started Create Static Device Nodes in /dev.
[[0;32m  OK  [0m] Started Apply Kernel Variables.
[[0;32m  OK  [0m] Started Monitoring of LVM2 mirrors,...ng dmeventd or progress polling.
[[0;32m  OK  [0m] Started udev Coldplug all Devices.
         Starting udev Kernel Device Manager...
[[0;32m  OK  [0m] Started Flush Journal to Persistent Storage.
[[0;32m  OK  [0m] Started udev Kernel Device Manager.
[[0;32m  OK  [0m] Reached target Local File Systems (Pre).
[[0;32m  OK  [0m] Reached target Local File Systems.
         Starting Set console font and keymap...
         Starting LSB: AppArmor initialization...
         Starting Commit a transient machine-id on disk...
         Starting Create Volatile Files and Directories...
         Starting Initial cloud-init job (pre-networking)...
         Starting Tell Plymouth To Write Out Runtime Data...
[[0;32m  OK  [0m] Started Dispatch Password Requests to Console Directory Watch.
[[0;32m  OK  [0m] Started Commit a transient machine-id on disk.
[[0;32m  OK  [0m] Started Create Volatile Files and Directories.
         Starting Update UTMP about System Boot/Shutdown...
[[0;32m  OK  [0m] Started Tell Plymouth To Write Out Runtime Data.
[[0;32m  OK  [0m] Started Update UTMP about System Boot/Shutdown.
[[0;32m  OK  [0m] Found device /dev/ttyS0.
[[0;32m  OK  [0m] Listening on Load/Save RF Kill Switch Status /dev/rfkill Watch.
[[0;32m  OK  [0m] Started Set console font and keymap.
[[0;32m  OK  [0m] Created slice system-getty.slice.
[[0;32m  OK  [0m] Started LSB: AppArmor initialization.
[   23.420789] cloud-init[485]: Cloud-init v. 18.3-9-g2e62cb8a-0ubuntu1~16.04.2 running 'init-local' at Tue, 16 Oct 2018 16:49:23 +0000. Up 22.79 seconds.
[[0;32m  OK  [0m] Started Initial cloud-init job (pre-networking).
[[0;32m  OK  [0m] Reached target Network (Pre).
         Starting Raise network interfaces...
[[0;32m  OK  [0m] Started Raise network interfaces.
[[0;32m  OK  [0m] Reached target Network.
         Starting Initial cloud-init job (metadata service crawler)...
[   25.848027] cloud-init[936]: Cloud-init v. 18.3-9-g2e62cb8a-0ubuntu1~16.04.2 running 'init' at Tue, 16 Oct 2018 16:49:25 +0000. Up 24.37 seconds.
[[0;32m  OK  [0m] Started Initial cloud-init job (metadata service crawler).
[   25.932506] cloud-init[936]: ci-info: ++++++++++++++++++++++++++++++++++++++Net device info+++++++++++++++++++++++++++++++++++++++
[   26.065498] [cloud-init[0;32m  OK  [0m[936]: ] ci-info: +--------+-------+----------------------------+---------------+--------+-------------------+Reached target Cloud-config availability.

[   26.066430] [cloud-init[0;32m  OK  [0m[936]: ] ci-info: | Device |   Up  |          Address           |      Mask     | Scope  |     Hw-Address    |Reached target System Initialization.

[[0;32m  OK  [0m] Started Daily Cleanup of Temporary Directories.
[   26.153543] cloud-init[936]: ci-info: +--------+-------+----------------------------+---------------+--------+-------------------+
[[0;32m  OK  [0m] Listening on ACPID Listen Socket.
[   26.223215] cloud-init[936]: ci-info: | enp0s3 |  True |         10.0.2.15          | 255.255.255.0 | global | 02:5a:4b:c7:3e:fa |
[   26.368929]          cloud-initStarting LXD - unix socket.[936]: 
ci-info: | enp0s3 |  True | fe80::5a:4bff:fec7:3efa/64 |       .       |  link  | 02:5a:4b:c7:3e:fa |
[   26.465677] [cloud-init[0;32m  OK  [0m[936]: ] ci-info: | enp0s8 | False |             .              |       .       |   .    | 08:00:27:54:c4:7b |Listening on UUID daemon activation socket.

[   26.466729] [[0;32m  OK  [0m] Started Daily apt download activities.
         Starting Socket activation for snappy daemon.
cloud-init[[936]: [0;32m  OK  [0mci-info: |   lo   |  True |         127.0.0.1          |   255.0.0.0   |  host  |         .         |] 
Listening on D-Bus System Message Bus Socket.
[   26.637763] [cloud-init[0;32m  OK  [0m[936]: ] ci-info: |   lo   |  True |          ::1/128           |       .       |  host  |         .         |Started Daily apt upgrade and clean activities.

[[0;32m  OK  [0m] Reached target Timers.
[   26.639090] cloud-init[936]: ci-info: +--------+-------+----------------------------+---------------+--------+-------------------+
[   26.790177] cloud-init[936]: ci-info: +++++++++++++++++++++++++++Route IPv4 info++++++++++++++++++++++++++++
[[0;32m  OK  [0m] Started ACPI Events Check.
[   26.792268] [cloud-init[0;32m  OK  [0m[936]: ] Reached target Paths.
ci-info: +-------+-------------+----------+---------------+-----------+-------+
[   26.912994] [cloud-init[0;32m  OK  [0m[936]: ] ci-info: | Route | Destination | Gateway  |    Genmask    | Interface | Flags |Reached target Network is Online.

[   26.913705] cloud-init[936]: ci-info: +-------+-------------+----------+---------------+-----------+-------+
[   27.041375]          cloud-initStarting iSCSI initiator daemon (iscsid)...[936]: 
ci-info: |   0   |   0.0.0.0   | 10.0.2.2 |    0.0.0.0    |   enp0s3  |   UG  |
[   27.156567] [cloud-init[0;32m  OK  [0m[936]: ] ci-info: |   1   |   10.0.2.0  | 0.0.0.0  | 255.255.255.0 |   enp0s3  |   U   |Listening on LXD - unix socket.

[[0;32m  OK  [0m] Listening on Socket activation for snappy daemon.
[   27.157180] cloud-init[936]: ci-info: +-------+-------------+----------+---------------+-----------+-------+
[   27.243062] [cloud-init[0;32m  OK  [0m[936]: ] ci-info: +++++++++++++++++++Route IPv6 info+++++++++++++++++++Reached target Sockets.

[[0;32m  OK  [0m] Reached target Basic System.
[   27.243627] cloud-init[936]: ci-info: +-------+-------------+---------+-----------+-------+
[   27.355916]          cloud-initStarting Virtualbox guest utils...[936]: 
ci-info: | Route | Destination | Gateway | Interface | Flags |
         Starting Pollinate to seed the pseudo random number generator...
[   27.419288] cloud-init[936]: ci-info: +-------+-------------+---------+-----------+-------+
         Starting /etc/rc.local Compatibility...
[   27.506970] cloud-init[936]: ci-info: |   0   |  fe80::/64  |    ::   |   enp0s3  |   U   |
         Starting System Logging Service...
[   27.556026] cloud-init[936]: ci-info: |   3   |   ff00::/8  |    ::   |   enp0s3  |   U   |
[   27.608811]          cloud-initStarting Accounts Service...[936]: 
ci-info: +-------+-------------+---------+-----------+-------+
[[0;32m  OK  [0m] Started Deferred execution scheduler.
[   27.657467] cloud-init[936]: Generating public/private rsa key pair.
[   27.704439] cloud-init[936]: Your identification has been saved in /etc/ssh/ssh_host_rsa_key.
[   27.749088]          cloud-initStarting Login Service...[936]: 
Your public key has been saved in /etc/ssh/ssh_host_rsa_key.pub.
[   27.809012]          cloud-initStarting LSB: Record successful boot for GRUB...[936]: 
The key fingerprint is:
[   27.865653]          Starting LSB: MD monitoring daemon...
cloud-init[936]: SHA256:L3LU8AMXtUPN6Gqmf3pqvTCjWGFtXNZpt8ulcCtWqeg root@ubuntu-xenial
[   27.912763] [cloud-init[0;32m  OK  [0m[936]: ] The key's randomart image is:Started Unattended Upgrades Shutdown.

[   27.941704] cloud-init[936]: +---[RSA 2048]----+
[   27.956617] [cloud-init[0;32m  OK  [0m[936]: ] |          ..o+   |Started Regular background program processing daemon.

[[0;32m  OK  [0m] Started D-Bus System Message Bus.
[   27.986818] cloud-init[936]: |           o.oo. |
[   28.020350] cloud-init[936]: |        o ..= + .|
[   28.032655] cloud-init[936]: |         O o.o o.|
[   28.056416] cloud-init[936]: |        S B.. +..|
[   28.075600] cloud-init[936]: |       o ++o =.oo|
[   28.112961] cloud-init[936]: |      . ++*.+ oo |
[   28.132572] cloud-init[936]: |       =.+.=+.   |
[   28.160848] cloud-init[936]: |      . .oE=..   |
[   28.172626] cloud-init[936]: +----[SHA256]-----+
[   28.193415] cloud-init[936]: Generating public/private dsa key pair.
[   28.220464] cloud-init[936]: Your identification has been saved in /etc/ssh/ssh_host_dsa_key.
[[0;32m  OK  [0m] Started FUSE filesystem for LXC.
[   28.275620] cloud-init[936]: Your public key has been saved in /etc/ssh/ssh_host_dsa_key.pub.
[   28.336586]          cloud-initStarting Snappy daemon...[936]: 
The key fingerprint is:
[   28.364983]          cloud-initStarting LXD - container startup/shutdown...[936]: 
SHA256:wo6gVrJYoMSqBQS/B/QX4nKq/OBFmTMd9NfmNbUOMFQ root@ubuntu-xenial
[   28.420640] [cloud-init[0;32m  OK  [0m[936]: ] The key's randomart image is:Started ACPI event daemon.

[   28.421476] cloud-init[936]: +---[DSA 1024]----+
[   28.493351] [cloud-init[0;32m  OK  [0m[936]: ] |o.. ...   .+.E . |Started System Logging Service.

[[0;32m  OK  [0m] Started iSCSI initiator daemon (iscsid).
[[0;32m  OK  [0m] Started /etc/rc.local Compatibility.
[   28.493809] cloud-init[936]: |oo o....  . o . .|
[   28.628499] cloud-init[936]: |oo+ +... . o + . |
[   28.670351] cloud-init[936]: |+o *+o. . o . +  |
[   28.675313] cloud-init[936]: |o.*B..o S  .   . |
[   28.679374] cloud-init[936]: |+==ooo .         |
[   28.704497] cloud-init[936]: |== .. .          |
         Starting Login to default iSCSI targets...
[   28.705704] cloud-init[936]: |o +              |
[   28.780557] cloud-init[936]: | . .             |
[   28.781097] cloud-init[936]: +----[SHA256]-----+
[[0;32m  OK  [0m] Started Login Service.
[   28.781374] cloud-init[936]: Generating public/private ecdsa key pair.
[[   28.853132] cloud-init[0;32m  OK  [0m[936]: ] Your identification has been saved in /etc/ssh/ssh_host_ecdsa_key.Started LSB: Record successful boot for GRUB.

[   28.854125] cloud-init[936]: Your public key has been saved in /etc/ssh/ssh_host_ecdsa_key.pub.
[   28.924791] cloud-init[936]: The key fingerprint is:
[   28.944533] cloud-init[936]: SHA256:KINwE1nq3SfgAxb+VSv93mJTV8NPqjQBUTJp6H3uKtI root@ubuntu-xenial
[   28.977253] cloud-init[936]: The key's randomart image is:
[   29.004592] cloud-init[936]: +---[ECDSA 256]---+
[   29.028334] cloud-init[936]: |  oo.   ..=+.    |
[   29.053533] [cloud-init[0;32m  OK  [0m[936]: ] | ..+   o..o+  .  |Started LSB: MD monitoring daemon.

[   29.054152] cloud-init[936]: |. B . o.oo  .  oo|
[   29.092643] cloud-init[936]: | = B + o... .. +o|
[   29.133458] cloud-init[936]: |  o B + S .o+ o .|
[   29.152566] cloud-init[936]: |     + o . +.+   |
[   29.158858] cloud-init[936]: |       .  =.o    |
[   29.197576] cloud-init[936]: |      . E. o.    |
[   29.216579] cloud-init[936]: |       . ...     |
[   29.240876] cloud-init[936]: +----[SHA256]-----+
[   29.246090] [cloud-init[0;32m  OK  [0m[936]: ] Generating public/private ed25519 key pair.Started Login to default iSCSI targets.

[   29.255476] [cloud-init[0;32m  OK  [0m[936]: ] Your identification has been saved in /etc/ssh/ssh_host_ed25519_key.Reached target Remote File Systems (Pre).

[   29.256087] [cloud-init[0;32m  OK  [0m[936]: ] Your public key has been saved in /etc/ssh/ssh_host_ed25519_key.pub.Reached target Remote File Systems.

[   29.357015]          cloud-initStarting LSB: automatic crash report generation...[936]: 
The key fingerprint is:
[   29.413621]          cloud-initStarting LSB: daemon to balance interrupts for SMP systems...[936]: 
SHA256:EVFCgHCP0K0QrIgVIT5Zn4wDs8wcSmMDygvhRulG8Qo root@ubuntu-xenial
[   29.500588]          cloud-initStarting Permit User Sessions...[936]: 
The key's randomart image is:
[   29.537009]          cloud-initStarting LSB: Set the CPU Frequency Scaling governor to "ondemand"...[936]: 
+--[ED25519 256]--+
[   29.596918] [cloud-init[0;32m  OK  [0m[936]: ] |=%OB.o.o=o.      |Started Virtualbox guest utils.

[   29.598113] cloud-init[936]: |&=#o*oo  o       |
[[0;32m  OK  [0m] Started Permit User Sessions.
[   29.682407] cloud-init[936]: |E# =.=. .        |
[   29.722807] cloud-init[936]: |Bo+ o    .       |
[   29.728384] cloud-init[936]: |.o      S        |
[   29.748363] cloud-init[936]: |                 |
[   29.770308]          cloud-initStarting Terminate Plymouth Boot Screen...[936]: 
|                 |
[   29.790202]          cloud-initStarting Hold until boot process finishes up...[936]: 
|                 |
[[0;32m  OK  [0m] Started LSB: automatic crash report generation.
[[0;32m  OK  [0m] Started LSB: daemon to balance interrupts for SMP systems.
[   29.791078] cloud-init[936]: |                 |
[   29.940453] [cloud-init[0;32m  OK  [0m[936]: ] +----[SHA256]-----+Started Pollinate to seed the pseudo random number generator.

[[0;32m  OK  [0m] Started LSB: Set the CPU Frequency Scaling governor to "ondemand".
[[0;32m  OK  [0m] Started Terminate Plymouth Boot Screen.
[[0;32m  OK  [0m] Started Hold until boot process finishes up.
         Starting Set console scheme...
[[0;32m  OK  [0m] Started Getty on tty1.
[[0;32m  OK  [0m] Started Serial Getty on ttyS0.
[[0;32m  OK  [0m] Reached target Login Prompts.
         Starting OpenBSD Secure Shell server...
[[0;32m  OK  [0m] Started Set console scheme.
[[0;32m  OK  [0m] Started LXD - container startup/shutdown.
[[0;32m  OK  [0m] Started Snappy daemon.
         Starting Wait until snapd is fully seeded...

Ubuntu 16.04.5 LTS ubuntu-xenial ttyS0

ubuntu-xenial login: [   37.551688] cloud-init[1250]: Generating locales (this might take a while)...
[   39.616541] cloud-init[1250]:   en_US.UTF-8... done
[   39.618001] cloud-init[1250]: Generation complete.
[   40.854332] cloud-init[1250]: Cloud-init v. 18.3-9-g2e62cb8a-0ubuntu1~16.04.2 running 'modules:config' at Tue, 16 Oct 2018 16:49:38 +0000. Up 37.17 seconds.
ci-info: no authorized ssh keys fingerprints found for user ubuntu.
<14>Oct 16 16:50:02 ec2: 
<14>Oct 16 16:50:02 ec2: #############################################################
<14>Oct 16 16:50:02 ec2: -----BEGIN SSH HOST KEY FINGERPRINTS-----
<14>Oct 16 16:50:02 ec2: 1024 SHA256:wo6gVrJYoMSqBQS/B/QX4nKq/OBFmTMd9NfmNbUOMFQ root@ubuntu-xenial (DSA)
<14>Oct 16 16:50:02 ec2: 256 SHA256:KINwE1nq3SfgAxb+VSv93mJTV8NPqjQBUTJp6H3uKtI root@ubuntu-xenial (ECDSA)
<14>Oct 16 16:50:02 ec2: 256 SHA256:EVFCgHCP0K0QrIgVIT5Zn4wDs8wcSmMDygvhRulG8Qo root@ubuntu-xenial (ED25519)
<14>Oct 16 16:50:02 ec2: 2048 SHA256:L3LU8AMXtUPN6Gqmf3pqvTCjWGFtXNZpt8ulcCtWqeg root@ubuntu-xenial (RSA)
<14>Oct 16 16:50:02 ec2: -----END SSH HOST KEY FINGERPRINTS-----
<14>Oct 16 16:50:02 ec2: #############################################################
-----BEGIN SSH HOST KEY KEYS-----
ecdsa-sha2-nistp256 AAAAE2VjZHNhLXNoYTItbmlzdHAyNTYAAAAIbmlzdHAyNTYAAABBBDQnwG8flMYwZwNgtnnEGqZPSC5wS+YtpNF6IGOs2mbmMl/OBLLYD6f0dYAWSXGpWI8ZVwLd7kUeaPdaWkU6niE= root@ubuntu-xenial
ssh-ed25519 AAAAC3NzaC1lZDI1NTE5AAAAIKb2FIfQYFy16NcBmOXpwwaXt3oCkdigSRIFyWpHLpO9 root@ubuntu-xenial
ssh-rsa AAAAB3NzaC1yc2EAAAADAQABAAABAQCwjW8U+nPs/hqD0PFfECaQLhkLEFLr0ZnF98RXfPlaFAvy063v4YQ/3rzPsyfycIkxBtcnDgG6dgXXHiE+h+n1jrNVDTWNx8m7ibUEHoOcnTDAny1FUL3ju+Lb92S1t9HoA7WCK2LBfUimZv9WfSzpc+XWix/cnC5gjSmjAsDDVdEheSspDDAKA2aKuNNfKYGMK1zotLmPbv3Vu50U6w7o/hCfb3pPlvo9154MZQ/4q1WFXhZ/cXA2+5esaWFUI4N/Nz5QhCIGyoSTlljYtYFShhwxGM3lkIZ3ArnTEYeHxFOq8ooRwY2VRtBNSBVIp9azKgiKtv4RN5U1LZvshF8V root@ubuntu-xenial
-----END SSH HOST KEY KEYS-----
[   61.985787] cloud-init[1289]: Cloud-init v. 18.3-9-g2e62cb8a-0ubuntu1~16.04.2 running 'modules:final' at Tue, 16 Oct 2018 16:50:02 +0000. Up 61.52 seconds.
[   61.986093] cloud-init[1289]: ci-info: no authorized ssh keys fingerprints found for user ubuntu.
[   61.986297] cloud-init[1289]: Cloud-init v. 18.3-9-g2e62cb8a-0ubuntu1~16.04.2 finished at Tue, 16 Oct 2018 16:50:02 +0000. Datasource DataSourceNoCloud [seed=/dev/sdb][dsmode=net].  Up 61.95 seconds
